[ripit.cl/SILCLCE/pacientes/informesPacienteQr1642.html]
[backblue.gif]
[fade.gif]
[index.html]
[ripit.cl/SILCLCE/assets/img/favicon/favicon.png]
[ripit.cl/SILCLCE/assets/img/splash/sptouch-icon-iphone.png]
[ripit.cl/SILCLCE/assets/img/splash/touch-icon-ipad.png]
[ripit.cl/SILCLCE/assets/img/splash/touch-icon-iphone-retina.png]
[ripit.cl/SILCLCE/assets/img/splash/touch-icon-ipad-retina.png]
[ripit.cl/SILCLCE/assets/img/splash/ipad-landscape.png]
[ripit.cl/SILCLCE/assets/img/splash/ipad-portrait.png]
[ripit.cl/SILCLCE/assets/img/splash/iphone.png]
[ripit.cl/SILCLCE/assets/js/libs/jquery-2.1.1.min.js]
[ripit.cl/SILCLCE/assets/js/libs/jquery-ui-1.10.3.min.js]
[ripit.cl/SILCLCE/assets/img/logo_empresa.png]
[ripit.cl/SILCLCE/assets/img/logo.png]
[ripit.cl/SILCLCE/assets/js/plugin/pace/pace.min.js]
[ripit.cl/SILCLCE/assets/js/app.config.js]
[ripit.cl/SILCLCE/assets/js/plugin/jquery-touch/jquery.ui.touch-punch.min.js]
[ripit.cl/SILCLCE/assets/js/bootstrap/bootstrap.min.js]
[ripit.cl/SILCLCE/assets/js/notification/SmartNotification.min.js]
[ripit.cl/SILCLCE/assets/js/smartwidgets/jarvis.widget.min.js]
[ripit.cl/SILCLCE/assets/js/plugin/easy-pie-chart/jquery.easy-pie-chart.min.js]
[ripit.cl/SILCLCE/assets/js/plugin/sparkline/jquery.sparkline.min.js]
[ripit.cl/SILCLCE/assets/js/plugin/jquery-validate/jquery.validate.min.js]
[ripit.cl/SILCLCE/assets/js/plugin/masked-input/jquery.maskedinput.min.js]
[ripit.cl/SILCLCE/assets/js/plugin/select2/select2.min.js]
[ripit.cl/SILCLCE/assets/js/plugin/bootstrap-slider/bootstrap-slider.min.js]
[ripit.cl/SILCLCE/assets/js/plugin/msie-fix/jquery.mb.browser.min.js]
[ripit.cl/SILCLCE/assets/js/plugin/datatables/jquery.dataTables.min.js]
[ripit.cl/SILCLCE/assets/js/plugin/datatables/dataTables.bootstrap.min.js]
[ripit.cl/SILCLCE/assets/js/plugin/fastclick/fastclick.min.js]
[ripit.cl/SILCLCE/assets/js/demo.min.js]
[ripit.cl/SILCLCE/assets/js/app.min.js]
[momentjs.com/downloads/moment.min.js]
[ripit.cl/SILCLCE/assets/js/speech/voicecommand.min.js]
[ripit.cl/SILCLCE/assets/js/mensajes.js]
[ripit.cl/SILCLCE/assets/js/config_datepicker.js]
[ripit.cl/SILCLCE/assets/js/smart-chat-ui/smart.chat.ui.min.js]
[ripit.cl/SILCLCE/assets/js/smart-chat-ui/smart.chat.manager.min.js]
[ripit.cl/SILCLCE/assets/js/plugin/rut/jquery.Rut.min.js]
[www.google.com/recaptcha/apie08f.js]
[ripit.cl/SILCLCE/pacientes/informesPacienteQr1642.html]
[ripit.cl/SILCLCE/assets/css/bootstrap.min.css]
[ripit.cl/SILCLCE/assets/css/font-awesome.min.css]
[ripit.cl/SILCLCE/assets/img/saturation.png]
[ripit.cl/SILCLCE/assets/img/hue.png]
[ripit.cl/SILCLCE/assets/img/alpha.png]
[ripit.cl/SILCLCE/assets/img/plus.png]
[ripit.cl/SILCLCE/assets/img/minus.png]
[ripit.cl/SILCLCE/assets/img/ajax-loader.gif]
[ripit.cl/SILCLCE/assets/img/jcrop/Jcrop.gif]
[ripit.cl/SILCLCE/assets/img/select2-spinner.gif]
[ripit.cl/SILCLCE/assets/img/loading.gif]
[ripit.cl/SILCLCE/assets/img/clear.png]
[ripit.cl/SILCLCE/assets/img/voicecommand/active-btn.gif]
[ripit.cl/SILCLCE/assets/css/smartadmin-production-plugins.min.css]
[ripit.cl/SILCLCE/assets/img/jqueryui/ui-icons_222222_256x240.png]
[ripit.cl/SILCLCE/assets/img/jqueryui/ui-icons_888888_256x240.png]
[ripit.cl/SILCLCE/assets/img/jqueryui/ui-icons_454545_256x240.png]
[ripit.cl/SILCLCE/assets/img/jqueryui/ui-icons_2e83ff_256x240.png]
[ripit.cl/SILCLCE/assets/img/jqueryui/ui-icons_f6cf3b_256x240.png]
[ripit.cl/SILCLCE/assets/css/smartadmin-production.min.css]
[ripit.cl/SILCLCE/assets/css/smartadmin-skins.min.css]
[ripit.cl/SILCLCE/assets/css/smartadmin-rtl.min.css]
[ripit.cl/SILCLCE/assets/css/your_style.css]
[ripit.cl/SILCLCE/assets/img/background_.html]
[ripit.cl/SILCLCE/assets/css/demo.min.css]
